// Jest Snapshot v1, https://goo.gl/fbAQLP

exports[`DailyWeather should Match Snapshot 1`] = `
ShallowWrapper {
  Symbol(enzyme.__root__): [Circular],
  Symbol(enzyme.__unrendered__): <DailyWeather
    weather={
        Object {
            "clouds": 100,
            "dew_point": 15.84,
            "dt": 1590354000,
            "feels_like": Object {
              "day": 14.62,
              "eve": 14.62,
              "morn": 14.62,
              "night": 16.09,
            },
            "humidity": 93,
            "pressure": 1021,
            "sunrise": 1590330189,
            "sunset": 1590382241,
            "temp": Object {
              "day": 16.98,
              "eve": 16.98,
              "max": 16.98,
              "min": 13.88,
              "morn": 16.98,
              "night": 16.88,
            },
            "uvi": 9.92,
            "weather": Array [
              Object {
                "description": "overcast clouds",
                "icon": "04n",
                "id": 804,
                "main": "Clouds",
              },
            ],
            "wind_deg": 221,
            "wind_speed": 6.12,
          }
    }
/>,
  Symbol(enzyme.__renderer__): Object {
    "batchedUpdates": [Function],
    "checkPropTypes": [Function],
    "getNode": [Function],
    "render": [Function],
    "simulateError": [Function],
    "simulateEvent": [Function],
    "unmount": [Function],
  },
  Symbol(enzyme.__node__): Object {
    "instance": null,
    "key": undefined,
    "nodeType": "host",
    "props": Object {
      "children": Array [
        <h3>
          <t
                    ago={false}
                    calendar={false}
                    date={1590354000}
                    decimal={false}
                    element={null}
                    filter={[Function]}
                    format="ddd"
                    fromNow={false}
                    interval={60000}
                    local={false}
                    onChange={[Function]}
                    titleFormat=""
                    toNow={false}
                    unit={null}
                    unix={true}
                    utc={false}
                    withTitle={false}
          />
</h3>,
        <img
          alt="overcast clouds"
          src="http://openweathermap.org/img/wn/04n@2x.png"
/>,
        <p>
          17
          <span>
                    ℃
          </span>
           max
</p>,
        <p>
          14
          <span>
                    ℃
          </span>
           min
</p>,
      ],
      "className": "day-weather",
    },
    "ref": null,
    "rendered": Array [
      Object {
        "instance": null,
        "key": undefined,
        "nodeType": "host",
        "props": Object {
          "children": <t
            ago={false}
            calendar={false}
            date={1590354000}
            decimal={false}
            element={null}
            filter={[Function]}
            format="ddd"
            fromNow={false}
            interval={60000}
            local={false}
            onChange={[Function]}
            titleFormat=""
            toNow={false}
            unit={null}
            unix={true}
            utc={false}
            withTitle={false}
/>,
        },
        "ref": null,
        "rendered": Object {
          "instance": null,
          "key": undefined,
          "nodeType": "class",
          "props": Object {
            "ago": false,
            "calendar": false,
            "date": 1590354000,
            "decimal": false,
            "element": null,
            "filter": [Function],
            "format": "ddd",
            "fromNow": false,
            "interval": 60000,
            "local": false,
            "onChange": [Function],
            "titleFormat": "",
            "toNow": false,
            "unit": null,
            "unix": true,
            "utc": false,
            "withTitle": false,
          },
          "ref": null,
          "rendered": null,
          "type": [Function],
        },
        "type": "h3",
      },
      Object {
        "instance": null,
        "key": undefined,
        "nodeType": "host",
        "props": Object {
          "alt": "overcast clouds",
          "src": "http://openweathermap.org/img/wn/04n@2x.png",
        },
        "ref": null,
        "rendered": null,
        "type": "img",
      },
      Object {
        "instance": null,
        "key": undefined,
        "nodeType": "host",
        "props": Object {
          "children": Array [
            17,
            <span>
              ℃
</span>,
            " max",
          ],
        },
        "ref": null,
        "rendered": Array [
          17,
          Object {
            "instance": null,
            "key": undefined,
            "nodeType": "host",
            "props": Object {
              "children": "℃",
            },
            "ref": null,
            "rendered": "℃",
            "type": "span",
          },
          " max",
        ],
        "type": "p",
      },
      Object {
        "instance": null,
        "key": undefined,
        "nodeType": "host",
        "props": Object {
          "children": Array [
            14,
            <span>
              ℃
</span>,
            " min",
          ],
        },
        "ref": null,
        "rendered": Array [
          14,
          Object {
            "instance": null,
            "key": undefined,
            "nodeType": "host",
            "props": Object {
              "children": "℃",
            },
            "ref": null,
            "rendered": "℃",
            "type": "span",
          },
          " min",
        ],
        "type": "p",
      },
    ],
    "type": "div",
  },
  Symbol(enzyme.__nodes__): Array [
    Object {
      "instance": null,
      "key": undefined,
      "nodeType": "host",
      "props": Object {
        "children": Array [
          <h3>
            <t
                        ago={false}
                        calendar={false}
                        date={1590354000}
                        decimal={false}
                        element={null}
                        filter={[Function]}
                        format="ddd"
                        fromNow={false}
                        interval={60000}
                        local={false}
                        onChange={[Function]}
                        titleFormat=""
                        toNow={false}
                        unit={null}
                        unix={true}
                        utc={false}
                        withTitle={false}
            />
</h3>,
          <img
            alt="overcast clouds"
            src="http://openweathermap.org/img/wn/04n@2x.png"
/>,
          <p>
            17
            <span>
                        ℃
            </span>
             max
</p>,
          <p>
            14
            <span>
                        ℃
            </span>
             min
</p>,
        ],
        "className": "day-weather",
      },
      "ref": null,
      "rendered": Array [
        Object {
          "instance": null,
          "key": undefined,
          "nodeType": "host",
          "props": Object {
            "children": <t
              ago={false}
              calendar={false}
              date={1590354000}
              decimal={false}
              element={null}
              filter={[Function]}
              format="ddd"
              fromNow={false}
              interval={60000}
              local={false}
              onChange={[Function]}
              titleFormat=""
              toNow={false}
              unit={null}
              unix={true}
              utc={false}
              withTitle={false}
/>,
          },
          "ref": null,
          "rendered": Object {
            "instance": null,
            "key": undefined,
            "nodeType": "class",
            "props": Object {
              "ago": false,
              "calendar": false,
              "date": 1590354000,
              "decimal": false,
              "element": null,
              "filter": [Function],
              "format": "ddd",
              "fromNow": false,
              "interval": 60000,
              "local": false,
              "onChange": [Function],
              "titleFormat": "",
              "toNow": false,
              "unit": null,
              "unix": true,
              "utc": false,
              "withTitle": false,
            },
            "ref": null,
            "rendered": null,
            "type": [Function],
          },
          "type": "h3",
        },
        Object {
          "instance": null,
          "key": undefined,
          "nodeType": "host",
          "props": Object {
            "alt": "overcast clouds",
            "src": "http://openweathermap.org/img/wn/04n@2x.png",
          },
          "ref": null,
          "rendered": null,
          "type": "img",
        },
        Object {
          "instance": null,
          "key": undefined,
          "nodeType": "host",
          "props": Object {
            "children": Array [
              17,
              <span>
                ℃
</span>,
              " max",
            ],
          },
          "ref": null,
          "rendered": Array [
            17,
            Object {
              "instance": null,
              "key": undefined,
              "nodeType": "host",
              "props": Object {
                "children": "℃",
              },
              "ref": null,
              "rendered": "℃",
              "type": "span",
            },
            " max",
          ],
          "type": "p",
        },
        Object {
          "instance": null,
          "key": undefined,
          "nodeType": "host",
          "props": Object {
            "children": Array [
              14,
              <span>
                ℃
</span>,
              " min",
            ],
          },
          "ref": null,
          "rendered": Array [
            14,
            Object {
              "instance": null,
              "key": undefined,
              "nodeType": "host",
              "props": Object {
                "children": "℃",
              },
              "ref": null,
              "rendered": "℃",
              "type": "span",
            },
            " min",
          ],
          "type": "p",
        },
      ],
      "type": "div",
    },
  ],
  Symbol(enzyme.__options__): Object {
    "adapter": ReactSixteenAdapter {
      "options": Object {
        "enableComponentDidUpdateOnSetState": true,
        "legacyContextMode": "parent",
        "lifecycles": Object {
          "componentDidUpdate": Object {
            "onSetState": true,
          },
          "getChildContext": Object {
            "calledByRenderer": false,
          },
          "getDerivedStateFromError": true,
          "getDerivedStateFromProps": Object {
            "hasShouldComponentUpdateBug": false,
          },
          "getSnapshotBeforeUpdate": true,
          "setState": Object {
            "skipsComponentDidUpdateOnNullish": true,
          },
        },
      },
    },
    Symbol(enzyme.__providerValues__): undefined,
  },
  Symbol(enzyme.__providerValues__): Map {},
}
`;
