// Jest Snapshot v1, https://goo.gl/fbAQLP

exports[`TodaysWeather should Match Snapshot 1`] = `
ShallowWrapper {
  Symbol(enzyme.__root__): [Circular],
  Symbol(enzyme.__unrendered__): <TodaysWeather
    city="Melbourne"
    max="17"
    min="13"
    weather={
        Object {
            "clouds": 100,
            "dew_point": 15.84,
            "dt": 1590387700,
            "feels_like": 14.62,
            "humidity": 93,
            "pressure": 1021,
            "sunrise": 1590330189,
            "sunset": 1590382241,
            "temp": 16.98,
            "uvi": 9.92,
            "weather": Array [
              Object {
                "description": "overcast clouds",
                "icon": "04n",
                "id": 804,
                "main": "Clouds",
              },
            ],
            "wind_deg": 221,
            "wind_speed": 6.12,
          }
    }
/>,
  Symbol(enzyme.__renderer__): Object {
    "batchedUpdates": [Function],
    "checkPropTypes": [Function],
    "getNode": [Function],
    "render": [Function],
    "simulateError": [Function],
    "simulateEvent": [Function],
    "unmount": [Function],
  },
  Symbol(enzyme.__node__): Object {
    "instance": null,
    "key": undefined,
    "nodeType": "function",
    "props": Object {
      "children": Array [
        <div
          className="todays-weather-left"
>
          <h1>
                    Melbourne
          </h1>
          <p>
                    <t
                              ago={false}
                              calendar={false}
                              date={1590387700}
                              decimal={false}
                              element={null}
                              filter={[Function]}
                              format="dddd MMM, Do"
                              fromNow={false}
                              interval={60000}
                              local={false}
                              onChange={[Function]}
                              titleFormat=""
                              toNow={false}
                              unit={null}
                              unix={true}
                              utc={false}
                              withTitle={false}
                    />
          </p>
          <h2>
                    17
                    <span>
                              ℃
                    </span>
                     
                    <img
                              alt="overcast clouds"
                              src="http://openweathermap.org/img/wn/04n@2x.png"
                    />
          </h2>
          <p>
                    Clouds
          </p>
</div>,
        <div
          className="todays-weather-right"
>
          <div
                    className="mode-switch"
          >
                    <label
                              className="switch"
                    >
                              <input
                                        onClick={undefined}
                                        type="checkbox"
                              />
                              <span
                                        className="slider round"
                              />
                    </label>
          </div>
          <div
                    className="weather-details"
          >
                    <p>
                              Max: 
                              17
                              <span>
                                        ℃
                              </span>
                    </p>
                    <p>
                              Min: 
                              13
                              <span>
                                        ℃
                              </span>
                    </p>
                    <p>
                              Wind Speed: 
                              6
                               mph
                    </p>
                    <p>
                              Humidity: 
                              93
                              %
                    </p>
                    <p>
                              Pressure: 
                              1021
                               mbar
                    </p>
          </div>
</div>,
      ],
    },
    "ref": null,
    "rendered": Array [
      Object {
        "instance": null,
        "key": undefined,
        "nodeType": "host",
        "props": Object {
          "children": Array [
            <h1>
              Melbourne
</h1>,
            <p>
              <t
                            ago={false}
                            calendar={false}
                            date={1590387700}
                            decimal={false}
                            element={null}
                            filter={[Function]}
                            format="dddd MMM, Do"
                            fromNow={false}
                            interval={60000}
                            local={false}
                            onChange={[Function]}
                            titleFormat=""
                            toNow={false}
                            unit={null}
                            unix={true}
                            utc={false}
                            withTitle={false}
              />
</p>,
            <h2>
              17
              <span>
                            ℃
              </span>
               
              <img
                            alt="overcast clouds"
                            src="http://openweathermap.org/img/wn/04n@2x.png"
              />
</h2>,
            <p>
              Clouds
</p>,
          ],
          "className": "todays-weather-left",
        },
        "ref": null,
        "rendered": Array [
          Object {
            "instance": null,
            "key": undefined,
            "nodeType": "host",
            "props": Object {
              "children": "Melbourne",
            },
            "ref": null,
            "rendered": "Melbourne",
            "type": "h1",
          },
          Object {
            "instance": null,
            "key": undefined,
            "nodeType": "host",
            "props": Object {
              "children": <t
                ago={false}
                calendar={false}
                date={1590387700}
                decimal={false}
                element={null}
                filter={[Function]}
                format="dddd MMM, Do"
                fromNow={false}
                interval={60000}
                local={false}
                onChange={[Function]}
                titleFormat=""
                toNow={false}
                unit={null}
                unix={true}
                utc={false}
                withTitle={false}
/>,
            },
            "ref": null,
            "rendered": Object {
              "instance": null,
              "key": undefined,
              "nodeType": "class",
              "props": Object {
                "ago": false,
                "calendar": false,
                "date": 1590387700,
                "decimal": false,
                "element": null,
                "filter": [Function],
                "format": "dddd MMM, Do",
                "fromNow": false,
                "interval": 60000,
                "local": false,
                "onChange": [Function],
                "titleFormat": "",
                "toNow": false,
                "unit": null,
                "unix": true,
                "utc": false,
                "withTitle": false,
              },
              "ref": null,
              "rendered": null,
              "type": [Function],
            },
            "type": "p",
          },
          Object {
            "instance": null,
            "key": undefined,
            "nodeType": "host",
            "props": Object {
              "children": Array [
                17,
                <span>
                  ℃
</span>,
                " ",
                <img
                  alt="overcast clouds"
                  src="http://openweathermap.org/img/wn/04n@2x.png"
/>,
              ],
            },
            "ref": null,
            "rendered": Array [
              17,
              Object {
                "instance": null,
                "key": undefined,
                "nodeType": "host",
                "props": Object {
                  "children": "℃",
                },
                "ref": null,
                "rendered": "℃",
                "type": "span",
              },
              " ",
              Object {
                "instance": null,
                "key": undefined,
                "nodeType": "host",
                "props": Object {
                  "alt": "overcast clouds",
                  "src": "http://openweathermap.org/img/wn/04n@2x.png",
                },
                "ref": null,
                "rendered": null,
                "type": "img",
              },
            ],
            "type": "h2",
          },
          Object {
            "instance": null,
            "key": undefined,
            "nodeType": "host",
            "props": Object {
              "children": "Clouds",
            },
            "ref": null,
            "rendered": "Clouds",
            "type": "p",
          },
        ],
        "type": "div",
      },
      Object {
        "instance": null,
        "key": undefined,
        "nodeType": "host",
        "props": Object {
          "children": Array [
            <div
              className="mode-switch"
>
              <label
                            className="switch"
              >
                            <input
                                          onClick={undefined}
                                          type="checkbox"
                            />
                            <span
                                          className="slider round"
                            />
              </label>
</div>,
            <div
              className="weather-details"
>
              <p>
                            Max: 
                            17
                            <span>
                                          ℃
                            </span>
              </p>
              <p>
                            Min: 
                            13
                            <span>
                                          ℃
                            </span>
              </p>
              <p>
                            Wind Speed: 
                            6
                             mph
              </p>
              <p>
                            Humidity: 
                            93
                            %
              </p>
              <p>
                            Pressure: 
                            1021
                             mbar
              </p>
</div>,
          ],
          "className": "todays-weather-right",
        },
        "ref": null,
        "rendered": Array [
          Object {
            "instance": null,
            "key": undefined,
            "nodeType": "host",
            "props": Object {
              "children": <label
                className="switch"
>
                <input
                                onClick={undefined}
                                type="checkbox"
                />
                <span
                                className="slider round"
                />
</label>,
              "className": "mode-switch",
            },
            "ref": null,
            "rendered": Object {
              "instance": null,
              "key": undefined,
              "nodeType": "host",
              "props": Object {
                "children": Array [
                  <input
                    onClick={undefined}
                    type="checkbox"
/>,
                  <span
                    className="slider round"
/>,
                ],
                "className": "switch",
              },
              "ref": null,
              "rendered": Array [
                Object {
                  "instance": null,
                  "key": undefined,
                  "nodeType": "host",
                  "props": Object {
                    "onClick": undefined,
                    "type": "checkbox",
                  },
                  "ref": null,
                  "rendered": null,
                  "type": "input",
                },
                Object {
                  "instance": null,
                  "key": undefined,
                  "nodeType": "host",
                  "props": Object {
                    "className": "slider round",
                  },
                  "ref": null,
                  "rendered": null,
                  "type": "span",
                },
              ],
              "type": "label",
            },
            "type": "div",
          },
          Object {
            "instance": null,
            "key": undefined,
            "nodeType": "host",
            "props": Object {
              "children": Array [
                <p>
                  Max: 
                  17
                  <span>
                                    ℃
                  </span>
</p>,
                <p>
                  Min: 
                  13
                  <span>
                                    ℃
                  </span>
</p>,
                <p>
                  Wind Speed: 
                  6
                   mph
</p>,
                <p>
                  Humidity: 
                  93
                  %
</p>,
                <p>
                  Pressure: 
                  1021
                   mbar
</p>,
              ],
              "className": "weather-details",
            },
            "ref": null,
            "rendered": Array [
              Object {
                "instance": null,
                "key": undefined,
                "nodeType": "host",
                "props": Object {
                  "children": Array [
                    "Max: ",
                    17,
                    <span>
                      ℃
</span>,
                  ],
                },
                "ref": null,
                "rendered": Array [
                  "Max: ",
                  17,
                  Object {
                    "instance": null,
                    "key": undefined,
                    "nodeType": "host",
                    "props": Object {
                      "children": "℃",
                    },
                    "ref": null,
                    "rendered": "℃",
                    "type": "span",
                  },
                ],
                "type": "p",
              },
              Object {
                "instance": null,
                "key": undefined,
                "nodeType": "host",
                "props": Object {
                  "children": Array [
                    "Min: ",
                    13,
                    <span>
                      ℃
</span>,
                  ],
                },
                "ref": null,
                "rendered": Array [
                  "Min: ",
                  13,
                  Object {
                    "instance": null,
                    "key": undefined,
                    "nodeType": "host",
                    "props": Object {
                      "children": "℃",
                    },
                    "ref": null,
                    "rendered": "℃",
                    "type": "span",
                  },
                ],
                "type": "p",
              },
              Object {
                "instance": null,
                "key": undefined,
                "nodeType": "host",
                "props": Object {
                  "children": Array [
                    "Wind Speed: ",
                    6,
                    " mph",
                  ],
                },
                "ref": null,
                "rendered": Array [
                  "Wind Speed: ",
                  6,
                  " mph",
                ],
                "type": "p",
              },
              Object {
                "instance": null,
                "key": undefined,
                "nodeType": "host",
                "props": Object {
                  "children": Array [
                    "Humidity: ",
                    93,
                    "%",
                  ],
                },
                "ref": null,
                "rendered": Array [
                  "Humidity: ",
                  93,
                  "%",
                ],
                "type": "p",
              },
              Object {
                "instance": null,
                "key": undefined,
                "nodeType": "host",
                "props": Object {
                  "children": Array [
                    "Pressure: ",
                    1021,
                    " mbar",
                  ],
                },
                "ref": null,
                "rendered": Array [
                  "Pressure: ",
                  1021,
                  " mbar",
                ],
                "type": "p",
              },
            ],
            "type": "div",
          },
        ],
        "type": "div",
      },
    ],
    "type": Symbol(react.fragment),
  },
  Symbol(enzyme.__nodes__): Array [
    Object {
      "instance": null,
      "key": undefined,
      "nodeType": "function",
      "props": Object {
        "children": Array [
          <div
            className="todays-weather-left"
>
            <h1>
                        Melbourne
            </h1>
            <p>
                        <t
                                    ago={false}
                                    calendar={false}
                                    date={1590387700}
                                    decimal={false}
                                    element={null}
                                    filter={[Function]}
                                    format="dddd MMM, Do"
                                    fromNow={false}
                                    interval={60000}
                                    local={false}
                                    onChange={[Function]}
                                    titleFormat=""
                                    toNow={false}
                                    unit={null}
                                    unix={true}
                                    utc={false}
                                    withTitle={false}
                        />
            </p>
            <h2>
                        17
                        <span>
                                    ℃
                        </span>
                         
                        <img
                                    alt="overcast clouds"
                                    src="http://openweathermap.org/img/wn/04n@2x.png"
                        />
            </h2>
            <p>
                        Clouds
            </p>
</div>,
          <div
            className="todays-weather-right"
>
            <div
                        className="mode-switch"
            >
                        <label
                                    className="switch"
                        >
                                    <input
                                                onClick={undefined}
                                                type="checkbox"
                                    />
                                    <span
                                                className="slider round"
                                    />
                        </label>
            </div>
            <div
                        className="weather-details"
            >
                        <p>
                                    Max: 
                                    17
                                    <span>
                                                ℃
                                    </span>
                        </p>
                        <p>
                                    Min: 
                                    13
                                    <span>
                                                ℃
                                    </span>
                        </p>
                        <p>
                                    Wind Speed: 
                                    6
                                     mph
                        </p>
                        <p>
                                    Humidity: 
                                    93
                                    %
                        </p>
                        <p>
                                    Pressure: 
                                    1021
                                     mbar
                        </p>
            </div>
</div>,
        ],
      },
      "ref": null,
      "rendered": Array [
        Object {
          "instance": null,
          "key": undefined,
          "nodeType": "host",
          "props": Object {
            "children": Array [
              <h1>
                Melbourne
</h1>,
              <p>
                <t
                                ago={false}
                                calendar={false}
                                date={1590387700}
                                decimal={false}
                                element={null}
                                filter={[Function]}
                                format="dddd MMM, Do"
                                fromNow={false}
                                interval={60000}
                                local={false}
                                onChange={[Function]}
                                titleFormat=""
                                toNow={false}
                                unit={null}
                                unix={true}
                                utc={false}
                                withTitle={false}
                />
</p>,
              <h2>
                17
                <span>
                                ℃
                </span>
                 
                <img
                                alt="overcast clouds"
                                src="http://openweathermap.org/img/wn/04n@2x.png"
                />
</h2>,
              <p>
                Clouds
</p>,
            ],
            "className": "todays-weather-left",
          },
          "ref": null,
          "rendered": Array [
            Object {
              "instance": null,
              "key": undefined,
              "nodeType": "host",
              "props": Object {
                "children": "Melbourne",
              },
              "ref": null,
              "rendered": "Melbourne",
              "type": "h1",
            },
            Object {
              "instance": null,
              "key": undefined,
              "nodeType": "host",
              "props": Object {
                "children": <t
                  ago={false}
                  calendar={false}
                  date={1590387700}
                  decimal={false}
                  element={null}
                  filter={[Function]}
                  format="dddd MMM, Do"
                  fromNow={false}
                  interval={60000}
                  local={false}
                  onChange={[Function]}
                  titleFormat=""
                  toNow={false}
                  unit={null}
                  unix={true}
                  utc={false}
                  withTitle={false}
/>,
              },
              "ref": null,
              "rendered": Object {
                "instance": null,
                "key": undefined,
                "nodeType": "class",
                "props": Object {
                  "ago": false,
                  "calendar": false,
                  "date": 1590387700,
                  "decimal": false,
                  "element": null,
                  "filter": [Function],
                  "format": "dddd MMM, Do",
                  "fromNow": false,
                  "interval": 60000,
                  "local": false,
                  "onChange": [Function],
                  "titleFormat": "",
                  "toNow": false,
                  "unit": null,
                  "unix": true,
                  "utc": false,
                  "withTitle": false,
                },
                "ref": null,
                "rendered": null,
                "type": [Function],
              },
              "type": "p",
            },
            Object {
              "instance": null,
              "key": undefined,
              "nodeType": "host",
              "props": Object {
                "children": Array [
                  17,
                  <span>
                    ℃
</span>,
                  " ",
                  <img
                    alt="overcast clouds"
                    src="http://openweathermap.org/img/wn/04n@2x.png"
/>,
                ],
              },
              "ref": null,
              "rendered": Array [
                17,
                Object {
                  "instance": null,
                  "key": undefined,
                  "nodeType": "host",
                  "props": Object {
                    "children": "℃",
                  },
                  "ref": null,
                  "rendered": "℃",
                  "type": "span",
                },
                " ",
                Object {
                  "instance": null,
                  "key": undefined,
                  "nodeType": "host",
                  "props": Object {
                    "alt": "overcast clouds",
                    "src": "http://openweathermap.org/img/wn/04n@2x.png",
                  },
                  "ref": null,
                  "rendered": null,
                  "type": "img",
                },
              ],
              "type": "h2",
            },
            Object {
              "instance": null,
              "key": undefined,
              "nodeType": "host",
              "props": Object {
                "children": "Clouds",
              },
              "ref": null,
              "rendered": "Clouds",
              "type": "p",
            },
          ],
          "type": "div",
        },
        Object {
          "instance": null,
          "key": undefined,
          "nodeType": "host",
          "props": Object {
            "children": Array [
              <div
                className="mode-switch"
>
                <label
                                className="switch"
                >
                                <input
                                                onClick={undefined}
                                                type="checkbox"
                                />
                                <span
                                                className="slider round"
                                />
                </label>
</div>,
              <div
                className="weather-details"
>
                <p>
                                Max: 
                                17
                                <span>
                                                ℃
                                </span>
                </p>
                <p>
                                Min: 
                                13
                                <span>
                                                ℃
                                </span>
                </p>
                <p>
                                Wind Speed: 
                                6
                                 mph
                </p>
                <p>
                                Humidity: 
                                93
                                %
                </p>
                <p>
                                Pressure: 
                                1021
                                 mbar
                </p>
</div>,
            ],
            "className": "todays-weather-right",
          },
          "ref": null,
          "rendered": Array [
            Object {
              "instance": null,
              "key": undefined,
              "nodeType": "host",
              "props": Object {
                "children": <label
                  className="switch"
>
                  <input
                                    onClick={undefined}
                                    type="checkbox"
                  />
                  <span
                                    className="slider round"
                  />
</label>,
                "className": "mode-switch",
              },
              "ref": null,
              "rendered": Object {
                "instance": null,
                "key": undefined,
                "nodeType": "host",
                "props": Object {
                  "children": Array [
                    <input
                      onClick={undefined}
                      type="checkbox"
/>,
                    <span
                      className="slider round"
/>,
                  ],
                  "className": "switch",
                },
                "ref": null,
                "rendered": Array [
                  Object {
                    "instance": null,
                    "key": undefined,
                    "nodeType": "host",
                    "props": Object {
                      "onClick": undefined,
                      "type": "checkbox",
                    },
                    "ref": null,
                    "rendered": null,
                    "type": "input",
                  },
                  Object {
                    "instance": null,
                    "key": undefined,
                    "nodeType": "host",
                    "props": Object {
                      "className": "slider round",
                    },
                    "ref": null,
                    "rendered": null,
                    "type": "span",
                  },
                ],
                "type": "label",
              },
              "type": "div",
            },
            Object {
              "instance": null,
              "key": undefined,
              "nodeType": "host",
              "props": Object {
                "children": Array [
                  <p>
                    Max: 
                    17
                    <span>
                                        ℃
                    </span>
</p>,
                  <p>
                    Min: 
                    13
                    <span>
                                        ℃
                    </span>
</p>,
                  <p>
                    Wind Speed: 
                    6
                     mph
</p>,
                  <p>
                    Humidity: 
                    93
                    %
</p>,
                  <p>
                    Pressure: 
                    1021
                     mbar
</p>,
                ],
                "className": "weather-details",
              },
              "ref": null,
              "rendered": Array [
                Object {
                  "instance": null,
                  "key": undefined,
                  "nodeType": "host",
                  "props": Object {
                    "children": Array [
                      "Max: ",
                      17,
                      <span>
                        ℃
</span>,
                    ],
                  },
                  "ref": null,
                  "rendered": Array [
                    "Max: ",
                    17,
                    Object {
                      "instance": null,
                      "key": undefined,
                      "nodeType": "host",
                      "props": Object {
                        "children": "℃",
                      },
                      "ref": null,
                      "rendered": "℃",
                      "type": "span",
                    },
                  ],
                  "type": "p",
                },
                Object {
                  "instance": null,
                  "key": undefined,
                  "nodeType": "host",
                  "props": Object {
                    "children": Array [
                      "Min: ",
                      13,
                      <span>
                        ℃
</span>,
                    ],
                  },
                  "ref": null,
                  "rendered": Array [
                    "Min: ",
                    13,
                    Object {
                      "instance": null,
                      "key": undefined,
                      "nodeType": "host",
                      "props": Object {
                        "children": "℃",
                      },
                      "ref": null,
                      "rendered": "℃",
                      "type": "span",
                    },
                  ],
                  "type": "p",
                },
                Object {
                  "instance": null,
                  "key": undefined,
                  "nodeType": "host",
                  "props": Object {
                    "children": Array [
                      "Wind Speed: ",
                      6,
                      " mph",
                    ],
                  },
                  "ref": null,
                  "rendered": Array [
                    "Wind Speed: ",
                    6,
                    " mph",
                  ],
                  "type": "p",
                },
                Object {
                  "instance": null,
                  "key": undefined,
                  "nodeType": "host",
                  "props": Object {
                    "children": Array [
                      "Humidity: ",
                      93,
                      "%",
                    ],
                  },
                  "ref": null,
                  "rendered": Array [
                    "Humidity: ",
                    93,
                    "%",
                  ],
                  "type": "p",
                },
                Object {
                  "instance": null,
                  "key": undefined,
                  "nodeType": "host",
                  "props": Object {
                    "children": Array [
                      "Pressure: ",
                      1021,
                      " mbar",
                    ],
                  },
                  "ref": null,
                  "rendered": Array [
                    "Pressure: ",
                    1021,
                    " mbar",
                  ],
                  "type": "p",
                },
              ],
              "type": "div",
            },
          ],
          "type": "div",
        },
      ],
      "type": Symbol(react.fragment),
    },
  ],
  Symbol(enzyme.__options__): Object {
    "adapter": ReactSixteenAdapter {
      "options": Object {
        "enableComponentDidUpdateOnSetState": true,
        "legacyContextMode": "parent",
        "lifecycles": Object {
          "componentDidUpdate": Object {
            "onSetState": true,
          },
          "getChildContext": Object {
            "calledByRenderer": false,
          },
          "getDerivedStateFromError": true,
          "getDerivedStateFromProps": Object {
            "hasShouldComponentUpdateBug": false,
          },
          "getSnapshotBeforeUpdate": true,
          "setState": Object {
            "skipsComponentDidUpdateOnNullish": true,
          },
        },
      },
    },
    Symbol(enzyme.__providerValues__): undefined,
  },
  Symbol(enzyme.__providerValues__): Map {},
}
`;
